// Jest Snapshot v1, https://goo.gl/fbAQLP

exports[`matches snapshot 1`] = `
<DocumentFragment>
  <tr
    class="MuiTableRow-root css-1q1u3t4-MuiTableRow-root"
  >
    <td
      class="MuiTableCell-root MuiTableCell-sizeMedium css-bsph2u-MuiTableCell-root"
    />
    <td
      class="MuiTableCell-root MuiTableCell-sizeMedium css-bsph2u-MuiTableCell-root"
    />
  </tr>
</DocumentFragment>
`;
